Microsoft (R) Macro Assembler (x64) Version 14.00.23506.0   03/05/18 11:03:54
main.asm						     Page 1 - 1


				; AddTwoSum_64.asm - Chapter 3 example.

				ExitProcess proto
 00000000			.data
 00000000			sum qword 0
	   0000000000000000
 00000000			.code
 00000000			main proc
 00000000  B8 00000005		   mov  eax,5
 00000005  BB 00000006		   mov  ebx,6   
				   ;
 0000000A  8B C8		   mov  ecx,eax
 0000000C  8B C3		   mov  eax,ebx
 0000000E  8B D9		   mov  ebx,ecx
				   ;
 00000010  E8 00000000 E	   call ExitProcess
 00000015			main endp
				end
Microsoft (R) Macro Assembler (x64) Version 14.00.23506.0   03/05/18 11:03:54
main.asm						     Symbols 2 - 1




Procedures, parameters, and locals:

                N a m e                 Type     Value    Attr

ExitProcess  . . . . . . . . . .	P 	 00000000 Length= 00000000 External
main . . . . . . . . . . . . . .	P 	 00000000 _TEXT	Length= 00000015 Public


Symbols:

                N a m e                 Type     Value    Attr

sum  . . . . . . . . . . . . . .	QWord	 00000000 _DATA	

	   0 Warnings
	   0 Errors
